// Jest Snapshot v1, https://goo.gl/fbAQLP

exports[`<EnergyGenerationUnicorn /> should render and match snapshot 1`] = `
"<div class=\\"container unicorn-container mt-5\\">
  <h4>And of course giant unicorn's rainbow puke!!</h4>
  <div class=\\"col-xs-6\\"><span class=\\"cursor-pointer\\"><img class=\\"unicorn-image\\" src=\\"\\" alt=\\"puking unicor\\"></span></div>
</div>"
`;
