// Jest Snapshot v1, https://goo.gl/fbAQLP

exports[`<EnergyGenerationHeader /> should render and match snapshot 1`] = `"<h4 class=\\"provided-data-update-date\\">The provided data was last updated on Friday, October 25, 2019 12:20 AM</h4>"`;
