// Jest Snapshot v1, https://goo.gl/fbAQLP

exports[`<EnergyGeneration /> should render and match snapshot 1`] = `
"<div>
  <h4 class=\\"provided-data-update-date\\">The provided data was last updated on Friday, October 25, 2019 12:20 AM</h4>
  <div class=\\"container energy-generation-container py-5\\">
    <div class=\\"row gauge-chart-container\\">
      <div class=\\"gauge-chart-item col-md-3 col-xs-12 p-1 ml-5 m-2 bg-light border border-secondary rounded\\">
        <div id=\\"nuclear\\" style=\\"width: 100%;\\"><svg width=\\"0\\" height=\\"0\\">
            <g transform=\\"translate(0, 0)\\">
              <g class=\\"doughnut\\" transform=\\"translate(0, 0)\\">
                <g class=\\"arc\\">
                  <path d=\\"M0,0Z\\" style=\\"fill: rgb(0, 255, 0);\\"></path>
                </g>
                <g class=\\"arc\\">
                  <path d=\\"M0,0Z\\" style=\\"fill: rgb(16, 255, 0);\\"></path>
                </g>
                <g class=\\"arc\\">
                  <path d=\\"M0,0Z\\" style=\\"fill: rgb(32, 255, 0);\\"></path>
                </g>
                <g class=\\"arc\\">
                  <path d=\\"M0,0Z\\" style=\\"fill: rgb(48, 255, 0);\\"></path>
                </g>
                <g class=\\"arc\\">
                  <path d=\\"M0,0Z\\" style=\\"fill: rgb(64, 255, 0);\\"></path>
                </g>
                <g class=\\"arc\\">
                  <path d=\\"M0,0Z\\" style=\\"fill: rgb(80, 255, 0);\\"></path>
                </g>
                <g class=\\"arc\\">
                  <path d=\\"M0,0Z\\" style=\\"fill: rgb(96, 255, 0);\\"></path>
                </g>
                <g class=\\"arc\\">
                  <path d=\\"M0,0Z\\" style=\\"fill: rgb(112, 255, 0);\\"></path>
                </g>
                <g class=\\"arc\\">
                  <path d=\\"M0,0Z\\" style=\\"fill: rgb(128, 255, 0);\\"></path>
                </g>
                <g class=\\"arc\\">
                  <path d=\\"M0,0Z\\" style=\\"fill: rgb(143, 255, 0);\\"></path>
                </g>
                <g class=\\"arc\\">
                  <path d=\\"M0,0Z\\" style=\\"fill: rgb(159, 255, 0);\\"></path>
                </g>
                <g class=\\"arc\\">
                  <path d=\\"M0,0Z\\" style=\\"fill: rgb(175, 255, 0);\\"></path>
                </g>
                <g class=\\"arc\\">
                  <path d=\\"M0,0Z\\" style=\\"fill: rgb(191, 255, 0);\\"></path>
                </g>
                <g class=\\"arc\\">
                  <path d=\\"M0,0Z\\" style=\\"fill: rgb(207, 255, 0);\\"></path>
                </g>
                <g class=\\"arc\\">
                  <path d=\\"M0,0Z\\" style=\\"fill: rgb(223, 255, 0);\\"></path>
                </g>
                <g class=\\"arc\\">
                  <path d=\\"M0,0Z\\" style=\\"fill: rgb(239, 255, 0);\\"></path>
                </g>
                <g class=\\"arc\\">
                  <path d=\\"M0,0Z\\" style=\\"fill: rgb(255, 255, 0);\\"></path>
                </g>
                <g class=\\"arc\\">
                  <path d=\\"M0,0Z\\" style=\\"fill: rgb(255, 239, 0);\\"></path>
                </g>
                <g class=\\"arc\\">
                  <path d=\\"M0,0Z\\" style=\\"fill: rgb(255, 223, 0);\\"></path>
                </g>
                <g class=\\"arc\\">
                  <path d=\\"M0,0Z\\" style=\\"fill: rgb(255, 207, 0);\\"></path>
                </g>
                <g class=\\"arc\\">
                  <path d=\\"M0,0Z\\" style=\\"fill: rgb(255, 191, 0);\\"></path>
                </g>
                <g class=\\"arc\\">
                  <path d=\\"M0,0Z\\" style=\\"fill: rgb(255, 175, 0);\\"></path>
                </g>
                <g class=\\"arc\\">
                  <path d=\\"M0,0Z\\" style=\\"fill: rgb(255, 159, 0);\\"></path>
                </g>
                <g class=\\"arc\\">
                  <path d=\\"M0,0Z\\" style=\\"fill: rgb(255, 143, 0);\\"></path>
                </g>
                <g class=\\"arc\\">
                  <path d=\\"M0,0Z\\" style=\\"fill: rgb(255, 128, 0);\\"></path>
                </g>
                <g class=\\"arc\\">
                  <path d=\\"M0,0Z\\" style=\\"fill: rgb(255, 112, 0);\\"></path>
                </g>
                <g class=\\"arc\\">
                  <path d=\\"M0,0Z\\" style=\\"fill: rgb(255, 96, 0);\\"></path>
                </g>
                <g class=\\"arc\\">
                  <path d=\\"M0,0Z\\" style=\\"fill: rgb(255, 80, 0);\\"></path>
                </g>
                <g class=\\"arc\\">
                  <path d=\\"M0,0Z\\" style=\\"fill: rgb(255, 64, 0);\\"></path>
                </g>
                <g class=\\"arc\\">
                  <path d=\\"M0,0Z\\" style=\\"fill: rgb(255, 48, 0);\\"></path>
                </g>
                <g class=\\"arc\\">
                  <path d=\\"M0,0Z\\" style=\\"fill: rgb(255, 32, 0);\\"></path>
                </g>
                <g class=\\"arc\\">
                  <path d=\\"M0,0Z\\" style=\\"fill: rgb(255, 16, 0);\\"></path>
                </g>
                <g class=\\"arc\\">
                  <path d=\\"M0,0Z\\" style=\\"fill: rgb(255, 0, 0);\\"></path>
                </g>
              </g>
              <g class=\\"needle\\" transform=\\"translate(0, 0)\\">
                <path d=\\"M 0 0 L 0 0 L 0 0\\" fill=\\"red\\"></path>
                <circle cx=\\"0\\" cy=\\"0\\" r=\\"0\\" fill=\\"black\\"></circle>
              </g>
              <g class=\\"text-group\\" transform=\\"translate(0, 20)\\"><text style=\\"font-size: 0px; fill: grey;\\" class=\\"percent-text\\">32%</text></g>
            </g>
          </svg></div>
        <h2>nuclear <svg stroke=\\"currentColor\\" fill=\\"currentColor\\" stroke-width=\\"0\\" viewBox=\\"0 0 512 512\\" height=\\"1em\\" width=\\"1em\\" xmlns=\\"http://www.w3.org/2000/svg\\">
            <path d=\\"M256 48C141.1 48 48 141.1 48 256s93.1 208 208 208 208-93.1 208-208S370.9 48 256 48zm-88.5 364.8l49.2-85.8c1.1-1.9.5-4.2-1.3-5.4-20.2-12.9-34-35-35.2-60.3-.1-2.1-1.8-3.8-4-3.8H76V256c0-48.1 18.7-93.3 52.7-127.3 10.8-10.8 22.7-20 35.4-27.6l50.5 87.9c1.1 1.9 3.5 2.5 5.4 1.5 10.7-5.8 22.9-9 35.9-9 12.5 0 24.4 3.1 34.8 8.5 1.9 1 4.2.3 5.3-1.5l51.1-87.7c13 7.7 25.1 17 36.1 28 34 34 52.7 79.2 52.7 127.3v1.5h-100c-2.1 0-3.9 1.7-4 3.8-1.3 25.4-15 47.5-35.2 60.3-1.8 1.2-2.4 3.5-1.3 5.4l49.2 85.8c-26.7 15.1-57 23.2-88.5 23.2-31.6-.1-61.9-8.2-88.6-23.3z\\"></path>
            <circle cx=\\"256\\" cy=\\"256\\" r=\\"56\\"></circle>
          </svg></h2>
      </div>
      <div class=\\"gauge-chart-item col-md-3 col-xs-12 p-1 ml-5 m-2 bg-light border border-secondary rounded\\">
        <div id=\\"gas\\" style=\\"width: 100%;\\"><svg width=\\"0\\" height=\\"0\\">
            <g transform=\\"translate(0, 0)\\">
              <g class=\\"doughnut\\" transform=\\"translate(0, 0)\\">
                <g class=\\"arc\\">
                  <path d=\\"M0,0Z\\" style=\\"fill: rgb(0, 255, 0);\\"></path>
                </g>
                <g class=\\"arc\\">
                  <path d=\\"M0,0Z\\" style=\\"fill: rgb(16, 255, 0);\\"></path>
                </g>
                <g class=\\"arc\\">
                  <path d=\\"M0,0Z\\" style=\\"fill: rgb(32, 255, 0);\\"></path>
                </g>
                <g class=\\"arc\\">
                  <path d=\\"M0,0Z\\" style=\\"fill: rgb(48, 255, 0);\\"></path>
                </g>
                <g class=\\"arc\\">
                  <path d=\\"M0,0Z\\" style=\\"fill: rgb(64, 255, 0);\\"></path>
                </g>
                <g class=\\"arc\\">
                  <path d=\\"M0,0Z\\" style=\\"fill: rgb(80, 255, 0);\\"></path>
                </g>
                <g class=\\"arc\\">
                  <path d=\\"M0,0Z\\" style=\\"fill: rgb(96, 255, 0);\\"></path>
                </g>
                <g class=\\"arc\\">
                  <path d=\\"M0,0Z\\" style=\\"fill: rgb(112, 255, 0);\\"></path>
                </g>
                <g class=\\"arc\\">
                  <path d=\\"M0,0Z\\" style=\\"fill: rgb(128, 255, 0);\\"></path>
                </g>
                <g class=\\"arc\\">
                  <path d=\\"M0,0Z\\" style=\\"fill: rgb(143, 255, 0);\\"></path>
                </g>
                <g class=\\"arc\\">
                  <path d=\\"M0,0Z\\" style=\\"fill: rgb(159, 255, 0);\\"></path>
                </g>
                <g class=\\"arc\\">
                  <path d=\\"M0,0Z\\" style=\\"fill: rgb(175, 255, 0);\\"></path>
                </g>
                <g class=\\"arc\\">
                  <path d=\\"M0,0Z\\" style=\\"fill: rgb(191, 255, 0);\\"></path>
                </g>
                <g class=\\"arc\\">
                  <path d=\\"M0,0Z\\" style=\\"fill: rgb(207, 255, 0);\\"></path>
                </g>
                <g class=\\"arc\\">
                  <path d=\\"M0,0Z\\" style=\\"fill: rgb(223, 255, 0);\\"></path>
                </g>
                <g class=\\"arc\\">
                  <path d=\\"M0,0Z\\" style=\\"fill: rgb(239, 255, 0);\\"></path>
                </g>
                <g class=\\"arc\\">
                  <path d=\\"M0,0Z\\" style=\\"fill: rgb(255, 255, 0);\\"></path>
                </g>
                <g class=\\"arc\\">
                  <path d=\\"M0,0Z\\" style=\\"fill: rgb(255, 239, 0);\\"></path>
                </g>
                <g class=\\"arc\\">
                  <path d=\\"M0,0Z\\" style=\\"fill: rgb(255, 223, 0);\\"></path>
                </g>
                <g class=\\"arc\\">
                  <path d=\\"M0,0Z\\" style=\\"fill: rgb(255, 207, 0);\\"></path>
                </g>
                <g class=\\"arc\\">
                  <path d=\\"M0,0Z\\" style=\\"fill: rgb(255, 191, 0);\\"></path>
                </g>
                <g class=\\"arc\\">
                  <path d=\\"M0,0Z\\" style=\\"fill: rgb(255, 175, 0);\\"></path>
                </g>
                <g class=\\"arc\\">
                  <path d=\\"M0,0Z\\" style=\\"fill: rgb(255, 159, 0);\\"></path>
                </g>
                <g class=\\"arc\\">
                  <path d=\\"M0,0Z\\" style=\\"fill: rgb(255, 143, 0);\\"></path>
                </g>
                <g class=\\"arc\\">
                  <path d=\\"M0,0Z\\" style=\\"fill: rgb(255, 128, 0);\\"></path>
                </g>
                <g class=\\"arc\\">
                  <path d=\\"M0,0Z\\" style=\\"fill: rgb(255, 112, 0);\\"></path>
                </g>
                <g class=\\"arc\\">
                  <path d=\\"M0,0Z\\" style=\\"fill: rgb(255, 96, 0);\\"></path>
                </g>
                <g class=\\"arc\\">
                  <path d=\\"M0,0Z\\" style=\\"fill: rgb(255, 80, 0);\\"></path>
                </g>
                <g class=\\"arc\\">
                  <path d=\\"M0,0Z\\" style=\\"fill: rgb(255, 64, 0);\\"></path>
                </g>
                <g class=\\"arc\\">
                  <path d=\\"M0,0Z\\" style=\\"fill: rgb(255, 48, 0);\\"></path>
                </g>
                <g class=\\"arc\\">
                  <path d=\\"M0,0Z\\" style=\\"fill: rgb(255, 32, 0);\\"></path>
                </g>
                <g class=\\"arc\\">
                  <path d=\\"M0,0Z\\" style=\\"fill: rgb(255, 16, 0);\\"></path>
                </g>
                <g class=\\"arc\\">
                  <path d=\\"M0,0Z\\" style=\\"fill: rgb(255, 0, 0);\\"></path>
                </g>
              </g>
              <g class=\\"needle\\" transform=\\"translate(0, 0)\\">
                <path d=\\"M 0 0 L 0 0 L 0 0\\" fill=\\"red\\"></path>
                <circle cx=\\"0\\" cy=\\"0\\" r=\\"0\\" fill=\\"black\\"></circle>
              </g>
              <g class=\\"text-group\\" transform=\\"translate(0, 20)\\"><text style=\\"font-size: 0px; fill: grey;\\" class=\\"percent-text\\">43%</text></g>
            </g>
          </svg></div>
        <h2>gas <svg stroke=\\"currentColor\\" fill=\\"currentColor\\" stroke-width=\\"0\\" viewBox=\\"0 0 384 512\\" height=\\"1em\\" width=\\"1em\\" xmlns=\\"http://www.w3.org/2000/svg\\">
            <path d=\\"M112.5 301.4c0-73.8 105.1-122.5 105.1-203 0-47.1-34-88-39.1-90.4.4 3.3.6 6.7.6 10C179.1 110.1 32 171.9 32 286.6c0 49.8 32.2 79.2 66.5 108.3 65.1 46.7 78.1 71.4 78.1 86.6 0 10.1-4.8 17-4.8 22.3 13.1-16.7 17.4-31.9 17.5-46.4 0-29.6-21.7-56.3-44.2-86.5-16-22.3-32.6-42.6-32.6-69.5zm205.3-39c-12.1-66.8-78-124.4-94.7-130.9l4 7.2c2.4 5.1 3.4 10.9 3.4 17.1 0 44.7-54.2 111.2-56.6 116.7-2.2 5.1-3.2 10.5-3.2 15.8 0 20.1 15.2 42.1 17.9 42.1 2.4 0 56.6-55.4 58.1-87.7 6.4 11.7 9.1 22.6 9.1 33.4 0 41.2-41.8 96.9-41.8 96.9 0 11.6 31.9 53.2 35.5 53.2 1 0 2.2-1.4 3.2-2.4 37.9-39.3 67.3-85 67.3-136.8 0-8-.7-16.2-2.2-24.6z\\"></path>
          </svg></h2>
      </div>
      <div class=\\"gauge-chart-item col-md-3 col-xs-12 p-1 ml-5 m-2 bg-light border border-secondary rounded\\">
        <div id=\\"wind\\" style=\\"width: 100%;\\"><svg width=\\"0\\" height=\\"0\\">
            <g transform=\\"translate(0, 0)\\">
              <g class=\\"doughnut\\" transform=\\"translate(0, 0)\\">
                <g class=\\"arc\\">
                  <path d=\\"M0,0Z\\" style=\\"fill: rgb(0, 255, 0);\\"></path>
                </g>
                <g class=\\"arc\\">
                  <path d=\\"M0,0Z\\" style=\\"fill: rgb(16, 255, 0);\\"></path>
                </g>
                <g class=\\"arc\\">
                  <path d=\\"M0,0Z\\" style=\\"fill: rgb(32, 255, 0);\\"></path>
                </g>
                <g class=\\"arc\\">
                  <path d=\\"M0,0Z\\" style=\\"fill: rgb(48, 255, 0);\\"></path>
                </g>
                <g class=\\"arc\\">
                  <path d=\\"M0,0Z\\" style=\\"fill: rgb(64, 255, 0);\\"></path>
                </g>
                <g class=\\"arc\\">
                  <path d=\\"M0,0Z\\" style=\\"fill: rgb(80, 255, 0);\\"></path>
                </g>
                <g class=\\"arc\\">
                  <path d=\\"M0,0Z\\" style=\\"fill: rgb(96, 255, 0);\\"></path>
                </g>
                <g class=\\"arc\\">
                  <path d=\\"M0,0Z\\" style=\\"fill: rgb(112, 255, 0);\\"></path>
                </g>
                <g class=\\"arc\\">
                  <path d=\\"M0,0Z\\" style=\\"fill: rgb(128, 255, 0);\\"></path>
                </g>
                <g class=\\"arc\\">
                  <path d=\\"M0,0Z\\" style=\\"fill: rgb(143, 255, 0);\\"></path>
                </g>
                <g class=\\"arc\\">
                  <path d=\\"M0,0Z\\" style=\\"fill: rgb(159, 255, 0);\\"></path>
                </g>
                <g class=\\"arc\\">
                  <path d=\\"M0,0Z\\" style=\\"fill: rgb(175, 255, 0);\\"></path>
                </g>
                <g class=\\"arc\\">
                  <path d=\\"M0,0Z\\" style=\\"fill: rgb(191, 255, 0);\\"></path>
                </g>
                <g class=\\"arc\\">
                  <path d=\\"M0,0Z\\" style=\\"fill: rgb(207, 255, 0);\\"></path>
                </g>
                <g class=\\"arc\\">
                  <path d=\\"M0,0Z\\" style=\\"fill: rgb(223, 255, 0);\\"></path>
                </g>
                <g class=\\"arc\\">
                  <path d=\\"M0,0Z\\" style=\\"fill: rgb(239, 255, 0);\\"></path>
                </g>
                <g class=\\"arc\\">
                  <path d=\\"M0,0Z\\" style=\\"fill: rgb(255, 255, 0);\\"></path>
                </g>
                <g class=\\"arc\\">
                  <path d=\\"M0,0Z\\" style=\\"fill: rgb(255, 239, 0);\\"></path>
                </g>
                <g class=\\"arc\\">
                  <path d=\\"M0,0Z\\" style=\\"fill: rgb(255, 223, 0);\\"></path>
                </g>
                <g class=\\"arc\\">
                  <path d=\\"M0,0Z\\" style=\\"fill: rgb(255, 207, 0);\\"></path>
                </g>
                <g class=\\"arc\\">
                  <path d=\\"M0,0Z\\" style=\\"fill: rgb(255, 191, 0);\\"></path>
                </g>
                <g class=\\"arc\\">
                  <path d=\\"M0,0Z\\" style=\\"fill: rgb(255, 175, 0);\\"></path>
                </g>
                <g class=\\"arc\\">
                  <path d=\\"M0,0Z\\" style=\\"fill: rgb(255, 159, 0);\\"></path>
                </g>
                <g class=\\"arc\\">
                  <path d=\\"M0,0Z\\" style=\\"fill: rgb(255, 143, 0);\\"></path>
                </g>
                <g class=\\"arc\\">
                  <path d=\\"M0,0Z\\" style=\\"fill: rgb(255, 128, 0);\\"></path>
                </g>
                <g class=\\"arc\\">
                  <path d=\\"M0,0Z\\" style=\\"fill: rgb(255, 112, 0);\\"></path>
                </g>
                <g class=\\"arc\\">
                  <path d=\\"M0,0Z\\" style=\\"fill: rgb(255, 96, 0);\\"></path>
                </g>
                <g class=\\"arc\\">
                  <path d=\\"M0,0Z\\" style=\\"fill: rgb(255, 80, 0);\\"></path>
                </g>
                <g class=\\"arc\\">
                  <path d=\\"M0,0Z\\" style=\\"fill: rgb(255, 64, 0);\\"></path>
                </g>
                <g class=\\"arc\\">
                  <path d=\\"M0,0Z\\" style=\\"fill: rgb(255, 48, 0);\\"></path>
                </g>
                <g class=\\"arc\\">
                  <path d=\\"M0,0Z\\" style=\\"fill: rgb(255, 32, 0);\\"></path>
                </g>
                <g class=\\"arc\\">
                  <path d=\\"M0,0Z\\" style=\\"fill: rgb(255, 16, 0);\\"></path>
                </g>
                <g class=\\"arc\\">
                  <path d=\\"M0,0Z\\" style=\\"fill: rgb(255, 0, 0);\\"></path>
                </g>
              </g>
              <g class=\\"needle\\" transform=\\"translate(0, 0)\\">
                <path d=\\"M 0 0 L 0 0 L 0 0\\" fill=\\"red\\"></path>
                <circle cx=\\"0\\" cy=\\"0\\" r=\\"0\\" fill=\\"black\\"></circle>
              </g>
              <g class=\\"text-group\\" transform=\\"translate(0, 20)\\"><text style=\\"font-size: 0px; fill: grey;\\" class=\\"percent-text\\">22%</text></g>
            </g>
          </svg></div>
        <h2>wind <svg stroke=\\"currentColor\\" fill=\\"currentColor\\" stroke-width=\\"0\\" viewBox=\\"0 0 512 512\\" height=\\"1em\\" width=\\"1em\\" xmlns=\\"http://www.w3.org/2000/svg\\">
            <path d=\\"M272 16c-32 48-38.97 115.99-38 176 .118 7.3 2.486 17.54 5.086 26.69 5.166-2.36 10.89-3.69 16.914-3.69 3.04 0 6 .346 8.857.982L272 16zm-16 217c-12.81 0-23 10.19-23 23s10.19 23 23 23 23-10.19 23-23-10.19-23-23-23zm40.8 27.033c-.897 9.054-4.776 17.268-10.632 23.643L455.812 389.87c-25.57-51.714-80.964-91.744-133.42-120.91-6.366-3.54-16.386-6.605-25.593-8.927zm-79.896 8.274L40.124 362.12c57.57 3.714 119.937-24.243 171.423-55.09 6.274-3.758 13.95-10.936 20.58-17.77-7.1-5.122-12.522-12.447-15.223-20.953zm55.86 25.07c-5.127 2.32-10.8 3.623-16.764 3.623-5.964 0-11.637-1.302-16.764-3.62L232 496h48l-7.236-202.623z\\"></path>
          </svg></h2>
      </div>
      <div class=\\"gauge-chart-item col-md-3 col-xs-12 p-1 ml-5 m-2 bg-light border border-secondary rounded\\">
        <div id=\\"other\\" style=\\"width: 100%;\\"><svg width=\\"0\\" height=\\"0\\">
            <g transform=\\"translate(0, 0)\\">
              <g class=\\"doughnut\\" transform=\\"translate(0, 0)\\">
                <g class=\\"arc\\">
                  <path d=\\"M0,0Z\\" style=\\"fill: rgb(0, 255, 0);\\"></path>
                </g>
                <g class=\\"arc\\">
                  <path d=\\"M0,0Z\\" style=\\"fill: rgb(16, 255, 0);\\"></path>
                </g>
                <g class=\\"arc\\">
                  <path d=\\"M0,0Z\\" style=\\"fill: rgb(32, 255, 0);\\"></path>
                </g>
                <g class=\\"arc\\">
                  <path d=\\"M0,0Z\\" style=\\"fill: rgb(48, 255, 0);\\"></path>
                </g>
                <g class=\\"arc\\">
                  <path d=\\"M0,0Z\\" style=\\"fill: rgb(64, 255, 0);\\"></path>
                </g>
                <g class=\\"arc\\">
                  <path d=\\"M0,0Z\\" style=\\"fill: rgb(80, 255, 0);\\"></path>
                </g>
                <g class=\\"arc\\">
                  <path d=\\"M0,0Z\\" style=\\"fill: rgb(96, 255, 0);\\"></path>
                </g>
                <g class=\\"arc\\">
                  <path d=\\"M0,0Z\\" style=\\"fill: rgb(112, 255, 0);\\"></path>
                </g>
                <g class=\\"arc\\">
                  <path d=\\"M0,0Z\\" style=\\"fill: rgb(128, 255, 0);\\"></path>
                </g>
                <g class=\\"arc\\">
                  <path d=\\"M0,0Z\\" style=\\"fill: rgb(143, 255, 0);\\"></path>
                </g>
                <g class=\\"arc\\">
                  <path d=\\"M0,0Z\\" style=\\"fill: rgb(159, 255, 0);\\"></path>
                </g>
                <g class=\\"arc\\">
                  <path d=\\"M0,0Z\\" style=\\"fill: rgb(175, 255, 0);\\"></path>
                </g>
                <g class=\\"arc\\">
                  <path d=\\"M0,0Z\\" style=\\"fill: rgb(191, 255, 0);\\"></path>
                </g>
                <g class=\\"arc\\">
                  <path d=\\"M0,0Z\\" style=\\"fill: rgb(207, 255, 0);\\"></path>
                </g>
                <g class=\\"arc\\">
                  <path d=\\"M0,0Z\\" style=\\"fill: rgb(223, 255, 0);\\"></path>
                </g>
                <g class=\\"arc\\">
                  <path d=\\"M0,0Z\\" style=\\"fill: rgb(239, 255, 0);\\"></path>
                </g>
                <g class=\\"arc\\">
                  <path d=\\"M0,0Z\\" style=\\"fill: rgb(255, 255, 0);\\"></path>
                </g>
                <g class=\\"arc\\">
                  <path d=\\"M0,0Z\\" style=\\"fill: rgb(255, 239, 0);\\"></path>
                </g>
                <g class=\\"arc\\">
                  <path d=\\"M0,0Z\\" style=\\"fill: rgb(255, 223, 0);\\"></path>
                </g>
                <g class=\\"arc\\">
                  <path d=\\"M0,0Z\\" style=\\"fill: rgb(255, 207, 0);\\"></path>
                </g>
                <g class=\\"arc\\">
                  <path d=\\"M0,0Z\\" style=\\"fill: rgb(255, 191, 0);\\"></path>
                </g>
                <g class=\\"arc\\">
                  <path d=\\"M0,0Z\\" style=\\"fill: rgb(255, 175, 0);\\"></path>
                </g>
                <g class=\\"arc\\">
                  <path d=\\"M0,0Z\\" style=\\"fill: rgb(255, 159, 0);\\"></path>
                </g>
                <g class=\\"arc\\">
                  <path d=\\"M0,0Z\\" style=\\"fill: rgb(255, 143, 0);\\"></path>
                </g>
                <g class=\\"arc\\">
                  <path d=\\"M0,0Z\\" style=\\"fill: rgb(255, 128, 0);\\"></path>
                </g>
                <g class=\\"arc\\">
                  <path d=\\"M0,0Z\\" style=\\"fill: rgb(255, 112, 0);\\"></path>
                </g>
                <g class=\\"arc\\">
                  <path d=\\"M0,0Z\\" style=\\"fill: rgb(255, 96, 0);\\"></path>
                </g>
                <g class=\\"arc\\">
                  <path d=\\"M0,0Z\\" style=\\"fill: rgb(255, 80, 0);\\"></path>
                </g>
                <g class=\\"arc\\">
                  <path d=\\"M0,0Z\\" style=\\"fill: rgb(255, 64, 0);\\"></path>
                </g>
                <g class=\\"arc\\">
                  <path d=\\"M0,0Z\\" style=\\"fill: rgb(255, 48, 0);\\"></path>
                </g>
                <g class=\\"arc\\">
                  <path d=\\"M0,0Z\\" style=\\"fill: rgb(255, 32, 0);\\"></path>
                </g>
                <g class=\\"arc\\">
                  <path d=\\"M0,0Z\\" style=\\"fill: rgb(255, 16, 0);\\"></path>
                </g>
                <g class=\\"arc\\">
                  <path d=\\"M0,0Z\\" style=\\"fill: rgb(255, 0, 0);\\"></path>
                </g>
              </g>
              <g class=\\"needle\\" transform=\\"translate(0, 0)\\">
                <path d=\\"M 0 0 L 0 0 L 0 0\\" fill=\\"red\\"></path>
                <circle cx=\\"0\\" cy=\\"0\\" r=\\"0\\" fill=\\"black\\"></circle>
              </g>
              <g class=\\"text-group\\" transform=\\"translate(0, 20)\\"><text style=\\"font-size: 0px; fill: grey;\\" class=\\"percent-text\\">3%</text></g>
            </g>
          </svg></div>
        <h2>other <svg stroke=\\"currentColor\\" fill=\\"currentColor\\" stroke-width=\\"0\\" viewBox=\\"0 0 512 512\\" height=\\"1em\\" width=\\"1em\\" xmlns=\\"http://www.w3.org/2000/svg\\">
            <path d=\\"M201 16c-15 0-20 3.38-20 20v15h-45c-29.547 0-35 5.453-35 35v375c0 29.547 5.453 35 35 35h240c29.547 0 35-5.453 35-35V86c0-29.547-5.453-35-35-35h-45V36c0-16.62-5-20-20-20H201zm-48.094 69.813c4.666.02 10.594.187 18.094.187h170c40 0 35-5 35 35v305c0 40 5 35-35 35H171c-40 0-35 5-35-35V121c0-32.5-3.31-35.283 16.906-35.188zM231 176c-5.54 0-10 4.46-10 10v50h-50c-5.54 0-10 4.46-10 10v50c0 5.54 4.46 10 10 10h50v50c0 5.54 4.46 10 10 10h50c5.54 0 10-4.46 10-10v-50h50c5.54 0 10-4.46 10-10v-50c0-5.54-4.46-10-10-10h-50v-50c0-5.54-4.46-10-10-10h-50z\\"></path>
          </svg></h2>
      </div>
    </div>
  </div>
  <div class=\\"row\\">
    <div class=\\"col-md-2\\"></div>
    <div class=\\"col-md-10 donut-chart-container\\"><svg class=\\"donutchart\\" width=\\"750\\" height=\\"500\\" viewBox=\\"0 0 750 500\\">
        <g class=\\"donutchart-arcs\\">
          <path class=\\"selected donutchart-arcs-path\\" d=\\"M482.5,250
    A232.5, 232.5 0 0 1 151.00631471112058, 460.3722896983495
    L196.7775885543659,363.1033815582524
    A125, 125 0 0 0 375, 250 z\\" stroke=\\"#212121\\" fill=\\"#f44336\\" opacity=\\"0.5\\"></path>
          <path class=\\"donutchart-arcs-path\\" d=\\"M154.19965939785862,453.5860868048544
    A225, 225 0 0 1 249.99999999999997, 25
    L249.99999999999997,125
    A125, 125 0 0 0 196.7775885543659, 363.1033815582524 z\\" stroke=\\"#212121\\" fill=\\"#e91e63\\" opacity=\\"1\\"></path>
          <path class=\\"donutchart-arcs-path\\" d=\\"M249.99999999999997,25
    A225, 225 0 0 1 471.01463141395493, 207.83920421821193
    L372.7859063410861,226.5773356767844
    A125, 125 0 0 0 249.99999999999997, 125 z\\" stroke=\\"#212121\\" fill=\\"#9c27b0\\" opacity=\\"1\\"></path>
          <path class=\\"donutchart-arcs-path\\" d=\\"M471.01463141395493,207.83920421821193
    A225, 225 0 0 1 475, 249.99999999999994
    L375,249.99999999999997
    A125, 125 0 0 0 372.7859063410861, 226.5773356767844 z\\" stroke=\\"#212121\\" fill=\\"#673ab7\\" opacity=\\"1\\"></path>
        </g>
        <g class=\\"donutchart-innertext\\"><text class=\\"donutchart-innertext-label\\" x=\\"250\\" y=\\"45%\\" text-anchor=\\"middle\\">nuclear</text><text class=\\"donutchart-innertext-value\\" x=\\"250\\" y=\\"60%\\" text-anchor=\\"middle\\">32.00%</text></g>
        <g class=\\"donutchart-legend\\">
          <g transform=\\"translate(500,
0)\\" class=\\"selected donutchart-legend-item\\">
            <rect class=\\"selected donutchart-legend-item-rect\\" width=\\"25\\" height=\\"25\\" fill=\\"#f44336\\" opacity=\\"0.5\\" stroke=\\"#212121\\"></rect><text class=\\"selected donutchart-legend-item-label\\" x=\\"37.5\\" y=\\"12.5\\" dy=\\".35em\\">nuclear - 32</text>
          </g>
          <g transform=\\"translate(500,
37.5)\\" class=\\"donutchart-legend-item\\">
            <rect class=\\"donutchart-legend-item-rect\\" width=\\"25\\" height=\\"25\\" fill=\\"#e91e63\\" opacity=\\"1\\" stroke=\\"#212121\\"></rect><text class=\\"donutchart-legend-item-label\\" x=\\"37.5\\" y=\\"12.5\\" dy=\\".35em\\">gas - 43</text>
          </g>
          <g transform=\\"translate(500,
75)\\" class=\\"donutchart-legend-item\\">
            <rect class=\\"donutchart-legend-item-rect\\" width=\\"25\\" height=\\"25\\" fill=\\"#9c27b0\\" opacity=\\"1\\" stroke=\\"#212121\\"></rect><text class=\\"donutchart-legend-item-label\\" x=\\"37.5\\" y=\\"12.5\\" dy=\\".35em\\">wind - 22</text>
          </g>
          <g transform=\\"translate(500,
112.5)\\" class=\\"donutchart-legend-item\\">
            <rect class=\\"donutchart-legend-item-rect\\" width=\\"25\\" height=\\"25\\" fill=\\"#673ab7\\" opacity=\\"1\\" stroke=\\"#212121\\"></rect><text class=\\"donutchart-legend-item-label\\" x=\\"37.5\\" y=\\"12.5\\" dy=\\".35em\\">other - 3</text>
          </g>
        </g>
      </svg></div>
  </div>
  <div class=\\"container unicorn-container mt-5\\">
    <h4>And of course giant unicorn's rainbow puke!!</h4>
    <div class=\\"col-xs-6\\"><span class=\\"cursor-pointer\\"><img class=\\"unicorn-image\\" src=\\"\\" alt=\\"puking unicor\\"></span></div>
  </div>
</div>"
`;
